// Jest Snapshot v1, https://goo.gl/fbAQLP

exports[`<ServerError /> renders correctly 1`] = `
<DocumentFragment>
  <div
    class="serverError"
  >
    This is a test
  </div>
</DocumentFragment>
`;
