// Jest Snapshot v1, https://goo.gl/fbAQLP

exports[`<Header /> renders correctly 1`] = `
<DocumentFragment>
  <header
    class="header"
  >
    <div
      class="header__content"
    >
      <div
        class="header__logo"
      >
        <a
          href="/"
        >
          Clonegram
        </a>
      </div>
      <div
        class="header__search"
      >
        <svg
          aria-hidden="true"
          class="svg-inline--fa fa-magnifying-glass header__search__icon"
          data-icon="magnifying-glass"
          data-prefix="fas"
          focusable="false"
          role="img"
          viewBox="0 0 512 512"
          xmlns="http://www.w3.org/2000/svg"
        >
          <path
            d="M416 208c0 45.9-14.9 88.3-40 122.7L502.6 457.4c12.5 12.5 12.5 32.8 0 45.3s-32.8 12.5-45.3 0L330.7 376c-34.4 25.2-76.8 40-122.7 40C93.1 416 0 322.9 0 208S93.1 0 208 0S416 93.1 416 208zM208 352c79.5 0 144-64.5 144-144s-64.5-144-144-144S64 128.5 64 208s64.5 144 144 144z"
            fill="currentColor"
          />
        </svg>
        <input
          class="header__search__input"
          placeholder="Search"
          type="text"
          value=""
        />
      </div>
      <nav
        class="header__nav"
      >
        <ul>
          <li>
            <a
              aria-current="page"
              class="active"
              href="/"
            >
              <svg
                aria-hidden="true"
                class="svg-inline--fa fa-house fa-xl "
                data-icon="house"
                data-prefix="fas"
                focusable="false"
                role="img"
                viewBox="0 0 576 512"
                xmlns="http://www.w3.org/2000/svg"
              >
                <path
                  d="M575.8 255.5c0 18-15 32.1-32 32.1h-32l.7 160.2c0 2.7-.2 5.4-.5 8.1V472c0 22.1-17.9 40-40 40H456c-1.1 0-2.2 0-3.3-.1c-1.4 .1-2.8 .1-4.2 .1H416 392c-22.1 0-40-17.9-40-40V448 384c0-17.7-14.3-32-32-32H256c-17.7 0-32 14.3-32 32v64 24c0 22.1-17.9 40-40 40H160 128.1c-1.5 0-3-.1-4.5-.2c-1.2 .1-2.4 .2-3.6 .2H104c-22.1 0-40-17.9-40-40V360c0-.9 0-1.9 .1-2.8V287.6H32c-18 0-32-14-32-32.1c0-9 3-17 10-24L266.4 8c7-7 15-8 22-8s15 2 21 7L564.8 231.5c8 7 12 15 11 24z"
                  fill="currentColor"
                />
              </svg>
            </a>
          </li>
          <li>
            <button
              class="header__nav__createPostBtn"
            >
              <svg
                aria-hidden="true"
                class="svg-inline--fa fa-square-plus fa-xl "
                data-icon="square-plus"
                data-prefix="fas"
                focusable="false"
                role="img"
                viewBox="0 0 448 512"
                xmlns="http://www.w3.org/2000/svg"
              >
                <path
                  d="M64 32C28.7 32 0 60.7 0 96V416c0 35.3 28.7 64 64 64H384c35.3 0 64-28.7 64-64V96c0-35.3-28.7-64-64-64H64zM200 344V280H136c-13.3 0-24-10.7-24-24s10.7-24 24-24h64V168c0-13.3 10.7-24 24-24s24 10.7 24 24v64h64c13.3 0 24 10.7 24 24s-10.7 24-24 24H248v64c0 13.3-10.7 24-24 24s-24-10.7-24-24z"
                  fill="currentColor"
                />
              </svg>
            </button>
          </li>
          <li>
            <button
              class="header__nav__userBtn"
            >
              <svg
                aria-hidden="true"
                class="svg-inline--fa fa-circle-user fa-xl "
                data-icon="circle-user"
                data-prefix="fas"
                focusable="false"
                role="img"
                viewBox="0 0 512 512"
                xmlns="http://www.w3.org/2000/svg"
              >
                <path
                  d="M399 384.2C376.9 345.8 335.4 320 288 320H224c-47.4 0-88.9 25.8-111 64.2c35.2 39.2 86.2 63.8 143 63.8s107.8-24.7 143-63.8zM512 256c0 141.4-114.6 256-256 256S0 397.4 0 256S114.6 0 256 0S512 114.6 512 256zM256 272c39.8 0 72-32.2 72-72s-32.2-72-72-72s-72 32.2-72 72s32.2 72 72 72z"
                  fill="currentColor"
                />
              </svg>
            </button>
          </li>
        </ul>
      </nav>
    </div>
  </header>
</DocumentFragment>
`;
